// Jest Snapshot v1, https://goo.gl/fbAQLP

exports[`TheDate Component renders the UI as expected 1`] = `
<div>
  <p>
    1/26/2019, 12:44:06 AM
  </p>
</div>
`;
